../reliafree/revision.py
../reliafree/switches/switch.py
../reliafree/switches/thumbwheel.py
../reliafree/switches/sensitive.py
../reliafree/switches/toggle.py
../reliafree/switches/breaker.py
../reliafree/switches/rotary.py
../reliafree/switches/__init__.py
../reliafree/requirement.py
../reliafree/component.py
../reliafree/meters/meter.py
../reliafree/meters/__init__.py
../reliafree/resistors/variable.py
../reliafree/resistors/resistor.py
../reliafree/resistors/__init__.py
../reliafree/resistors/fixed.py
../reliafree/resistors/thermistor.py
../reliafree/miscellaneous/lamp.py
../reliafree/miscellaneous/filter.py
../reliafree/miscellaneous/fuse.py
../reliafree/miscellaneous/__init__.py
../reliafree/miscellaneous/crystal.py
../reliafree/hardware.py
../reliafree/login.py
../reliafree/mysql.py
../reliafree/calculations.py
../reliafree/configuration.py
../reliafree/main.py
../reliafree/capacitors/electrolytic.py
../reliafree/capacitors/variable.py
../reliafree/capacitors/capacitor.py
../reliafree/capacitors/__init__.py
../reliafree/capacitors/fixed.py
../reliafree/integrated_circuits/gaas.py
../reliafree/integrated_circuits/memory.py
../reliafree/integrated_circuits/vlsi.py
../reliafree/integrated_circuits/palpla.py
../reliafree/integrated_circuits/ic.py
../reliafree/integrated_circuits/linear.py
../reliafree/integrated_circuits/__init__.py
../reliafree/integrated_circuits/microprocessor.py
../reliafree/integrated_circuits/logic.py
../reliafree/relays/relay.py
../reliafree/relays/__init__.py
../reliafree/function.py
../reliafree/utilities.py
../reliafree/__init__.py
../reliafree/partlist.py
../reliafree/tree.py
../reliafree/connections/multipin.py
../reliafree/connections/socket.py
../reliafree/connections/pcb.py
../reliafree/connections/__init__.py
../reliafree/connections/solder.py
../reliafree/connections/connection.py
../reliafree/assembly.py
../reliafree/widgets.py
../reliafree/inductors/inductor.py
../reliafree/inductors/transformer.py
../reliafree/inductors/coil.py
../reliafree/inductors/__init__.py
../reliafree/semiconductors/thyristor.py
../reliafree/semiconductors/transistor.py
../reliafree/semiconductors/semiconductor.py
../reliafree/semiconductors/__init__.py
../reliafree/semiconductors/diode.py
../reliafree/semiconductors/optoelectronics.py
../reliafree/notebook.py
