rtk/revision.py
rtk/switches/switch.py
rtk/switches/thumbwheel.py
rtk/switches/sensitive.py
rtk/switches/toggle.py
rtk/switches/breaker.py
rtk/switches/rotary.py
rtk/switches/__init__.py
rtk/requirement.py
rtk/_calculations_/survival.py
rtk/_calculations_/__init__.py
rtk/_calculations_/growth.py
rtk/meters/meter.py
rtk/meters/__init__.py
rtk/resistors/variable.py
rtk/resistors/resistor.py
rtk/resistors/__init__.py
rtk/resistors/fixed.py
rtk/resistors/thermistor.py
rtk/miscellaneous/lamp.py
rtk/miscellaneous/filter.py
rtk/miscellaneous/fuse.py
rtk/miscellaneous/__init__.py
rtk/miscellaneous/crystal.py
rtk/software.py
rtk/hardware.py
rtk/login.py
rtk/imports.py
rtk/mysql.py
rtk/incident.py
rtk/calculations.py
rtk/testdata.py
rtk/configuration.py
rtk/main.py
rtk/validation.py
rtk/capacitors/electrolytic.py
rtk/capacitors/variable.py
rtk/capacitors/capacitor.py
rtk/capacitors/__init__.py
rtk/capacitors/fixed.py
rtk/_software_/functions.py
rtk/_software_/__init__.py
rtk/integrated_circuits/gaas.py
rtk/integrated_circuits/memory.py
rtk/integrated_circuits/vlsi.py
rtk/integrated_circuits/palpla.py
rtk/integrated_circuits/ic.py
rtk/integrated_circuits/linear.py
rtk/integrated_circuits/__init__.py
rtk/integrated_circuits/microprocessor.py
rtk/integrated_circuits/logic.py
rtk/relays/relay.py
rtk/relays/__init__.py
rtk/function.py
rtk/testing.py
rtk/utilities.py
rtk/__init__.py
rtk/_assistants_/updates.py
rtk/_assistants_/imports.py
rtk/_assistants_/exports.py
rtk/_assistants_/__init__.py
rtk/_assistants_/adds.py
rtk/_assistants_/filters.py
rtk/partlist.py
rtk/tree.py
rtk/connections/multipin.py
rtk/connections/socket.py
rtk/connections/pcb.py
rtk/connections/__init__.py
rtk/connections/solder.py
rtk/connections/connection.py
rtk/sqlite.py
rtk/widgets.py
rtk/dataset.py
rtk/inductors/inductor.py
rtk/inductors/transformer.py
rtk/inductors/coil.py
rtk/inductors/__init__.py
rtk/semiconductors/thyristor.py
rtk/semiconductors/transistor.py
rtk/semiconductors/semiconductor.py
rtk/semiconductors/__init__.py
rtk/semiconductors/diode.py
rtk/semiconductors/optoelectronics.py
rtk/notebook.py
