<!--
-*- coding: utf-8 -*-

    process.map is part of the RTK Project

    Copyright (C) 2014 Andrew "Weibullguy" Rowland
                       <andrew.rowland@reliaqual.com>

    - The layout is a square grid.  There should be 210 points between steps
      along the x-axis and 155 points between steps along the y-axis.

    - Set <module></module> to the following:
       0 = Revision
       1 = Function
       2 = Requirement
       3 = Hardware
       4 = Software
       5 = V & V Tasks
       6 = Testing
       7 = Incident
       8 = Survival Analysis

    - Set <work></work> to the applicable page for the selected module.

    - Set <action></action> to determine the type of step to create.  Set to
      one of the following:
        0 = No action (set widget insensitive)
        1 = Process step
        2
        3
        4
        5
        6
        7
        8
        9
       10 = Horizontal line with no arrow
       11 = Vertical line with no arrow
       12 = Right pointing arrow
       13 = Left pointing arrow
       14 = Down pointing arrow
       15 = Up pointing arrow
-->

<!-- This file contains information used by the RTK application to draw
the process map. -->

<root>
    <map name="RTK">
        <!-- Create the actionable steps -->
        <step>
            <id>0</id>
            <xstart>10</xstart>
            <ystart>10</ystart>
            <xstop>210</xstop>
            <ystop>110</ystop>
            <foreground>#000000</foreground>
            <background>#FFFFFF</background>
            <description>1. Gather stakeholder inputs</description>
            <module>2</module>
            <work>0</work>
            <action>1</action>
        </step>
        <step>
            <id>1</id>
            <xstart>310</xstart>
            <ystart>10</ystart>
            <xstop>510</xstop>
            <ystop>110</ystop>
            <foreground>#000000</foreground>
            <background>#E5E5E5</background>
            <description>2. Define system reliability requirements</description>
            <module>2</module>
            <work>1</work>
            <action>1</action>
        </step>
        <step>
            <id>2</id>
            <xstart>310</xstart>
            <ystart>160</ystart>
            <xstop>510</xstop>
            <ystop>260</ystop>
            <foreground>#000000</foreground>
            <background>#E5E5E5</background>
            <description>3. Validate system reliability requirements</description>
            <module>2</module>
            <work>2</work>
            <action>1</action>
        </step>
        <step>
            <id>3</id>
            <xstart>310</xstart>
            <ystart>560</ystart>
            <xstop>510</xstop>
            <ystop>660</ystop>
            <foreground>#000000</foreground>
            <background>#E5E5E5</background>
            <description>4. Allocate system reliability requirements</description>
            <module>3</module>
            <work>1</work>
            <action>1</action>
        </step>
        <step>
            <id>4</id>
            <xstart>310</xstart>
            <ystart>710</ystart>
            <xstop>510</xstop>
            <ystop>810</ystop>
            <foreground>#000000</foreground>
            <background>#E5E5E5</background>
            <description>5. Validate sub-system reliability requirements</description>
            <module>2</module>
            <work>2</work>
            <action>1</action>
        </step>
        <step>
            <id>5</id>
            <xstart>610</xstart>
            <ystart>460</ystart>
            <xstop>810</xstop>
            <ystop>560</ystop>
            <foreground>#000000</foreground>
            <background>#F0CE91</background>
            <description>6. Growth Test Planning</description>
            <module>6</module>
            <work>0</work>
            <action>1</action>
        </step>
        <step>
            <id>7</id>
            <xstart>960</xstart>
            <ystart>160</ystart>
            <xstop>1160</xstop>
            <ystop>260</ystop>
            <foreground>#000000</foreground>
            <background>#FF74EC</background>
            <description>7. Perform Growth Test</description>
            <module>6</module>
            <work>2</work>
            <action>1</action>
        </step>
        <step>
            <id>8</id>
            <xstart>960</xstart>
            <ystart>610</ystart>
            <xstop>1160</xstop>
            <ystop>710</ystop>
            <foreground>#000000</foreground>
            <background>#FF74EC</background>
            <description>8. Validate Reliability</description>
            <module>6</module>
            <work>2</work>
            <action>1</action>
        </step>
        <step>
            <id>9</id>
            <xstart>1710</xstart>
            <ystart>310</ystart>
            <xstop>1910</xstop>
            <ystop>410</ystop>
            <foreground>#000000</foreground>
            <background>#ADD8E6</background>
            <description>9. Perform Survival Data Analysis</description>
            <module>8</module>
            <work>0</work>
            <action>1</action>
        </step>
        <step>
            <id>10</id>
            <xstart>2210</xstart>
            <ystart>210</ystart>
            <xstop>2410</xstop>
            <ystop>310</ystop>
            <foreground>#000000</foreground>
            <background>#ADD8E6</background>
            <description>10. Document Changes from Reference</description>
            <module>3</module>
            <work>3</work>
            <action>1</action>
        </step>
        <step>
            <id>11</id>
            <xstart>2460</xstart>
            <ystart>310</ystart>
            <xstop>2660</xstop>
            <ystop>410</ystop>
            <foreground>#000000</foreground>
            <background>#ADD8E6</background>
            <description>11. Functional FMEA (HW and SW)</description>
            <module>1</module>
            <work>3</work>
            <action>1</action>
        </step>
        <step>
            <id>12</id>
            <xstart>2710</xstart>
            <ystart>310</ystart>
            <xstop>2910</xstop>
            <ystop>410</ystop>
            <foreground>#000000</foreground>
            <background>#ADD8E6</background>
            <description>12. SW Risk Analysis (Optional)</description>
            <module>4</module>
            <work>1</work>
            <action>1</action>
        </step>
        <step>
            <id>13</id>
            <xstart>2960</xstart>
            <ystart>310</ystart>
            <xstop>3160</xstop>
            <ystop>410</ystop>
            <foreground>#000000</foreground>
            <background>#ADD8E6</background>
            <description>13. Hazard Analysis (Optional)</description>
            <module>3</module>
            <work>2</work>
            <action>1</action>
        </step>
        <step>
            <id>14</id>
            <xstart>1710</xstart>
            <ystart>460</ystart>
            <xstop>1910</xstop>
            <ystop>560</ystop>
            <foreground>#000000</foreground>
            <background>#90EE90</background>
            <description>14. Assess Current Reliability</description>
            <module>3</module>
            <work>4</work>
            <action>1</action>
        </step>
        <step>
            <id>15</id>
            <xstart>2710</xstart>
            <ystart>460</ystart>
            <xstop>2910</xstop>
            <ystop>560</ystop>
            <foreground>#000000</foreground>
            <background>#FFFF63</background>
            <description>15. Assess Current Risk</description>
            <module>3</module>
            <work>0</work>
            <action>1</action>
        </step>
        <step>
            <id>16</id>
            <xstart>1460</xstart>
            <ystart>460</ystart>
            <xstop>1660</xstop>
            <ystop>660</ystop>
            <foreground>#000000</foreground>
            <background>#90EE90</background>
            <description>16. Reliability Assessment and Management Tasks</description>
            <module>3</module>
            <work>5</work>
            <action>1</action>
        </step>
        <step>
            <id>17</id>
            <xstart>2960</xstart>
            <ystart>460</ystart>
            <xstop>3160</xstop>
            <ystop>660</ystop>
            <foreground>#000000</foreground>
            <background>#FFFF63</background>
            <description>17. Risk Assessment and Management Tasks</description>
            <module>3</module>
            <work>6</work>
            <action>1</action>
        </step>


        <!-- Create the non-actionable steps -->
        <step>
            <id>100</id>
            <xstart>310</xstart>
            <ystart>310</ystart>
            <xstop>510</xstop>
            <ystop>410</ystop>
            <foreground>#000000</foreground>
            <background>#FFFFFF</background>
            <description>Requirement acceptable?</description>
            <module>-1</module>
            <work>-1</work>
            <action>0</action>
        </step>
        <step>
            <id>101</id>
            <xstart>310</xstart>
            <ystart>860</ystart>
            <xstop>510</xstop>
            <ystop>960</ystop>
            <foreground>#000000</foreground>
            <background>#FFFFFF</background>
            <description>Requirements acceptable?</description>
            <module>-1</module>
            <work>-1</work>
            <action>0</action>
        </step>
        <step>
            <id>102</id>
            <xstart>610</xstart>
            <ystart>10</ystart>
            <xstop>810</xstop>
            <ystop>110</ystop>
            <foreground>#000000</foreground>
            <background>#F0CE91</background>
            <description>Program Constraints</description>
            <module>0</module>
            <work>0</work>
            <action>0</action>
        </step>
        <step>
            <id>103</id>
            <xstart>610</xstart>
            <ystart>310</ystart>
            <xstop>810</xstop>
            <ystop>410</ystop>
            <foreground>#000000</foreground>
            <background>#F0CE91</background>
            <description>Economic Analysis</description>
            <module>0</module>
            <work>0</work>
            <action>0</action>
        </step>
        <step>
            <id>104</id>
            <xstart>610</xstart>
            <ystart>610</ystart>
            <xstop>810</xstop>
            <ystop>710</ystop>
            <foreground>#000000</foreground>
            <background>#F0CE91</background>
            <description>Design Targets</description>
            <module>-1</module>
            <work>-1</work>
            <action>0</action>
        </step>
        <step>
            <id>105</id>
            <xstart>960</xstart>
            <ystart>310</ystart>
            <xstop>1160</xstop>
            <ystop>410</ystop>
            <foreground>#000000</foreground>
            <background>#FF74EC</background>
            <description>Failure?</description>
            <module>-1</module>
            <work>-1</work>
            <action>0</action>
        </step>
        <step>
            <id>106</id>
            <xstart>960</xstart>
            <ystart>460</ystart>
            <xstop>1160</xstop>
            <ystop>560</ystop>
            <foreground>#000000</foreground>
            <background>#FF74EC</background>
            <description>Failure is chargeable?</description>
            <module>-1</module>
            <work>-1</work>
            <action>0</action>
        </step>
        <step>
            <id>107</id>
            <xstart>1260</xstart>
            <ystart>860</ystart>
            <xstop>1360</xstop>
            <ystop>910</ystop>
            <foreground>#000000</foreground>
            <background>#FF74EC</background>
            <description>Done</description>
            <module>-1</module>
            <work>-1</work>
            <connect></connect>
            <action>0</action>
        </step>
        <step>
            <id>108</id>
            <xstart>1210</xstart>
            <ystart>610</ystart>
            <xstop>1410</xstop>
            <ystop>710</ystop>
            <foreground>#000000</foreground>
            <background>#FF74EC</background>
            <description>Reliability meets requirements?</description>
            <module>-1</module>
            <work>-1</work>
            <action>0</action>
        </step>
        <step>
            <id>109</id>
            <xstart>1460</xstart>
            <ystart>10</ystart>
            <xstop>1660</xstop>
            <ystop>110</ystop>
            <foreground>#000000</foreground>
            <background>#ADD8E6</background>
            <description>FRACA Database</description>
            <module>8</module>
            <work>0</work>
            <action>0</action>
        </step>
        <step>
            <id>110</id>
            <xstart>1460</xstart>
            <ystart>135</ystart>
            <xstop>1660</xstop>
            <ystop>235</ystop>
            <foreground>#000000</foreground>
            <background>#ADD8E6</background>
            <description>Warranty Database</description>
            <module>8</module>
            <work>0</work>
            <action>0</action>
        </step>
        <step>
            <id>111</id>
            <xstart>1710</xstart>
            <ystart>135</ystart>
            <xstop>1910</xstop>
            <ystop>235</ystop>
            <foreground>#000000</foreground>
            <background>#FFFFFF</background>
            <description>Gather Failure Data</description>
            <module>7</module>
            <work>0</work>
            <action>0</action>
        </step>
        <step>
            <id>112</id>
            <xstart>1710</xstart>
            <ystart>610</ystart>
            <xstop>1910</xstop>
            <ystop>710</ystop>
            <foreground>#000000</foreground>
            <background>#90EE90</background>
            <description>Current Reliability of New Design</description>
            <module>-1</module>
            <work>-1</work>
            <action>0</action>
        </step>
        <step>
            <id>113</id>
            <xstart>1710</xstart>
            <ystart>760</ystart>
            <xstop>1910</xstop>
            <ystop>860</ystop>
            <foreground>#000000</foreground>
            <background>#90EE90</background>
            <description>Current Reliability Acceptable?</description>
            <module>-1</module>
            <work>-1</work>
            <action>0</action>
        </step>
        <step>
            <id>114</id>
            <xstart>1960</xstart>
            <ystart>10</ystart>
            <xstop>2160</xstop>
            <ystop>110</ystop>
            <foreground>#000000</foreground>
            <background>#ADD8E6</background>
            <description>Reference Product Design Documentation</description>
            <module>-1</module>
            <work>-1</work>
            <action>0</action>
        </step>
        <step>
            <id>115</id>
            <xstart>2210</xstart>
            <ystart>460</ystart>
            <xstop>2410</xstop>
            <ystop>560</ystop>
            <foreground>#000000</foreground>
            <background>#ADD8E6</background>
            <description>Documented Design Changes</description>
            <module>-1</module>
            <work>-1</work>
            <action>0</action>
        </step>
        <step>
            <id>116</id>
            <xstart>2460</xstart>
            <ystart>10</ystart>
            <xstop>2660</xstop>
            <ystop>110</ystop>
            <foreground>#000000</foreground>
            <background>#FFFF63</background>
            <description>Known Changes</description>
            <module>-1</module>
            <work>-1</work>
            <action>0</action>
        </step>
        <step>
            <id>117</id>
            <xstart>2710</xstart>
            <ystart>610</ystart>
            <xstop>2910</xstop>
            <ystop>710</ystop>
            <foreground>#000000</foreground>
            <background>#FFFF63</background>
            <description>Current Program Risk</description>
            <module>-1</module>
            <work>-1</work>
            <action>0</action>
        </step>
        <step>
            <id>118</id>
            <xstart>2710</xstart>
            <ystart>760</ystart>
            <xstop>2910</xstop>
            <ystop>860</ystop>
            <foreground>#000000</foreground>
            <background>#FFFF63</background>
            <description>Current Program Risk Acceptable?</description>
            <module>-1</module>
            <work>-1</work>
            <action>0</action>
        </step>

        <!-- Create the connector steps -->
        <step>
            <id>200</id>
            <xstart>235</xstart>
            <ystart>335</ystart>
            <xstop>285</xstop>
            <ystop>385</ystop>
            <foreground>#000000</foreground>
            <background>#FFFFFF</background>
            <description>No</description>
            <module>-1</module>
            <work>-1</work>
            <action>0</action>
        </step>
        <step>
            <id>201</id>
            <xstart>235</xstart>
            <ystart>885</ystart>
            <xstop>285</xstop>
            <ystop>935</ystop>
            <foreground>#000000</foreground>
            <background>#FFFFFF</background>
            <description>No</description>
            <module>-1</module>
            <work>-1</work>
            <action>0</action>
        </step>
        <step>
            <id>202</id>
            <xstart>385</xstart>
            <ystart>460</ystart>
            <xstop>435</xstop>
            <ystop>510</ystop>
            <foreground>#000000</foreground>
            <background>#FFFFFF</background>
            <description>Yes</description>
            <module>-1</module>
            <work>-1</work>
            <action>0</action>
        </step>
        <step>
            <id>203</id>
            <xstart>535</xstart>
            <ystart>185</ystart>
            <xstop>585</xstop>
            <ystop>235</ystop>
            <foreground>#000000</foreground>
            <background>#FFFFFF</background>
            <description>X</description> <!-- \u03A3 -->
            <module>-1</module>
            <work>-1</work>
            <action>0</action>
        </step>
        <step>
            <id>204</id>
            <xstart>610</xstart>
            <ystart>185</ystart>
            <xstop>660</xstop>
            <ystop>235</ystop>
            <foreground>#000000</foreground>
            <background>#F0CE91</background>
            <description>A</description>
            <module>-1</module>
            <work>-1</work>
            <action>0</action>
        </step>
        <step>
            <id>205</id>
            <xstart>860</xstart>
            <ystart>485</ystart>
            <xstop>910</xstop>
            <ystop>535</ystop>
            <foreground>#000000</foreground>
            <background>#F0CE91</background>
            <description>X</description>
            <module>-1</module>
            <work>-1</work>
            <action>0</action>
        </step>
        <step>
            <id>206</id>
            <xstart>860</xstart>
            <ystart>635</ystart>
            <xstop>910</xstop>
            <ystop>685</ystop>
            <foreground>#000000</foreground>
            <background>#F0CE91</background>
            <description>B</description>
            <module>-1</module>
            <work>-1</work>
            <action>0</action>
        </step>
        <step>
            <id>207</id>
            <xstart>1460</xstart>
            <ystart>335</ystart>
            <xstop>1510</xstop>
            <ystop>385</ystop>
            <foreground>#000000</foreground>
            <background>#ADD8E6</background>
            <description>A</description>
            <module>-1</module>
            <work>-1</work>
            <action>0</action>
        </step>
        <step>
            <id>208</id>
            <xstart>2285</xstart>
            <ystart>785</ystart>
            <xstop>2335</xstop>
            <ystop>835</ystop>
            <foreground>#000000</foreground>
            <background>#ADD8E6</background>
            <description>X</description>
            <module>-1</module>
            <work>-1</work>
            <action>0</action>
        </step>
        <step>
            <id>209</id>
            <xstart>2285</xstart>
            <ystart>635</ystart>
            <xstop>2335</xstop>
            <ystop>685</ystop>
            <foreground>#000000</foreground>
            <background>#ADD8E6</background>
            <description>B</description>
            <module>-1</module>
            <work>-1</work>
            <action>0</action>
        </step>
        <step>
            <id>210</id>
            <xstart>535</xstart>
            <ystart>885</ystart>
            <xstop>585</xstop>
            <ystop>935</ystop>
            <foreground>#000000</foreground>
            <background>#FFFFFF</background>
            <description>Yes</description>
            <module>-1</module>
            <work>-1</work>
            <action>0</action>
        </step>
        <step>
            <id>211</id>
            <xstart>1285</xstart>
            <ystart>510</ystart>
            <xstop>1335</xstop>
            <ystop>560</ystop>
            <foreground>#000000</foreground>
            <background>#FFFFFF</background>
            <description>No</description>
            <module>-1</module>
            <work>-1</work>
            <action>0</action>
        </step>
        <step>
            <id>212</id>
            <xstart>1285</xstart>
            <ystart>760</ystart>
            <xstop>1335</xstop>
            <ystop>810</ystop>
            <foreground>#000000</foreground>
            <background>#FFFFFF</background>
            <description>Yes</description>
            <module>-1</module>
            <work>-1</work>
            <action>0</action>
        </step>
        <step>
            <id>213</id>
            <xstart>1635</xstart>
            <ystart>785</ystart>
            <xstop>1685</xstop>
            <ystop>835</ystop>
            <foreground>#000000</foreground>
            <background>#FFFFFF</background>
            <description>No</description>
            <module>-1</module>
            <work>-1</work>
            <action>0</action>
        </step>
        <step>
            <id>214</id>
            <xstart>1935</xstart>
            <ystart>785</ystart>
            <xstop>1985</xstop>
            <ystop>835</ystop>
            <foreground>#000000</foreground>
            <background>#FFFFFF</background>
            <description>Yes</description>
            <module>-1</module>
            <work>-1</work>
            <action>0</action>
        </step>
        <step>
            <id>215</id>
            <xstart>2635</xstart>
            <ystart>785</ystart>
            <xstop>2685</xstop>
            <ystop>835</ystop>
            <foreground>#000000</foreground>
            <background>#FFFFFF</background>
            <description>Yes</description>
            <module>-1</module>
            <work>-1</work>
            <action>0</action>
        </step>
        <step>
            <id>216</id>
            <xstart>2935</xstart>
            <ystart>785</ystart>
            <xstop>2985</xstop>
            <ystop>835</ystop>
            <foreground>#000000</foreground>
            <background>#FFFFFF</background>
            <description>No</description>
            <module>-1</module>
            <work>-1</work>
            <action>0</action>
        </step>

        <!-- Create the horizontal lines -->
        <step>
            <id>300</id>
            <xstart>285</xstart>
            <ystart>360</ystart>
            <xstop>310</xstop>
            <ystop>370</ystop>
            <foreground>#000000</foreground>
            <background>#FFFFFF</background>
            <description></description>
            <module>-1</module>
            <work>-1</work>
            <action>10</action>
        </step>
        <step>
            <id>301</id>
            <xstart>285</xstart>
            <ystart>910</ystart>
            <xstop>310</xstop>
            <ystop>920</ystop>
            <foreground>#000000</foreground>
            <background>#FFFFFF</background>
            <description></description>
            <module>-1</module>
            <work>-1</work>
            <action>10</action>
        </step>
        <step>
            <id>302</id>
            <xstart>435</xstart>
            <ystart>485</ystart>
            <xstop>560</xstop>
            <ystop>495</ystop>
            <foreground>#000000</foreground>
            <background>#FFFFFF</background>
            <description></description>
            <module>-1</module>
            <work>-1</work>
            <action>10</action>
        </step>
        <step>
            <id>303</id>
            <xstart>560</xstart>
            <ystart>55</ystart>
            <xstop>610</xstop>
            <ystop>65</ystop>
            <foreground>#000000</foreground>
            <background>#FFFFFF</background>
            <description></description>
            <module>-1</module>
            <work>-1</work>
            <action>10</action>
        </step>
        <step>
            <id>304</id>
            <xstart>560</xstart>
            <ystart>355</ystart>
            <xstop>610</xstop>
            <ystop>365</ystop>
            <foreground>#000000</foreground>
            <background>#FFFFFF</background>
            <description></description>
            <module>-1</module>
            <work>-1</work>
            <action>10</action>
        </step>
        <step>
            <id>305</id>
            <xstart>510</xstart>
            <ystart>910</ystart>
            <xstop>535</xstop>
            <ystop>920</ystop>
            <foreground>#000000</foreground>
            <background>#FFFFFF</background>
            <description></description>
            <module>-1</module>
            <work>-1</work>
            <action>10</action>
        </step>
        <step>
            <id>306</id>
            <xstart>1160</xstart>
            <ystart>360</ystart>
            <xstop>1300</xstop>
            <ystop>370</ystop>
            <foreground>#000000</foreground>
            <background>#FFFFFF</background>
            <description></description>
            <module>-1</module>
            <work>-1</work>
            <action>10</action>
        </step>
        <step>
            <id>307</id>
            <xstart>1320</xstart>
            <ystart>360</ystart>
            <xstop>1410</xstop>
            <ystop>370</ystop>
            <foreground>#000000</foreground>
            <background>#FFFFFF</background>
            <description></description>
            <module>-1</module>
            <work>-1</work>
            <action>10</action>
        </step>
        <step>
            <id>308</id>
            <xstart>1410</xstart>
            <ystart>430</ystart>
            <xstop>3060</xstop>
            <ystop>440</ystop>
            <foreground>#000000</foreground>
            <background>#FFFFFF</background>
            <description></description>
            <module>-1</module>
            <work>-1</work>
            <action>10</action>
        </step>
        <step>
            <id>309</id>
            <xstart>1660</xstart>
            <ystart>55</ystart>
            <xstop>1810</xstop>
            <ystop>65</ystop>
            <foreground>#000000</foreground>
            <background>#FFFFFF</background>
            <description></description>
            <module>-1</module>
            <work>-1</work>
            <action>10</action>
        </step>
        <step>
            <id>310</id>
            <xstart>1560</xstart>
            <ystart>805</ystart>
            <xstop>1635</xstop>
            <ystop>815</ystop>
            <foreground>#000000</foreground>
            <background>#FFFFFF</background>
            <description></description>
            <module>-1</module>
            <work>-1</work>
            <action>10</action>
        </step>
        <step>
            <id>311</id>
            <xstart>1685</xstart>
            <ystart>805</ystart>
            <xstop>1710</xstop>
            <ystop>815</ystop>
            <foreground>#000000</foreground>
            <background>#FFFFFF</background>
            <description></description>
            <module>-1</module>
            <work>-1</work>
            <action>10</action>
        </step>
        <step>
            <id>312</id>
            <xstart>1910</xstart>
            <ystart>805</ystart>
            <xstop>1935</xstop>
            <ystop>815</ystop>
            <foreground>#000000</foreground>
            <background>#FFFFFF</background>
            <description></description>
            <module>-1</module>
            <work>-1</work>
            <action>10</action>
        </step>
        <step>
            <id>313</id>
            <xstart>2160</xstart>
            <ystart>55</ystart>
            <xstop>2460</xstop>
            <ystop>65</ystop>
            <foreground>#000000</foreground>
            <background>#FFFFFF</background>
            <description></description>
            <module>-1</module>
            <work>-1</work>
            <action>10</action>
        </step>
        <step>
            <id>314</id>
            <xstart>2410</xstart>
            <ystart>255</ystart>
            <xstop>3060</xstop>
            <ystop>265</ystop>
            <foreground>#000000</foreground>
            <background>#FFFFFF</background>
            <description></description>
            <module>-1</module>
            <work>-1</work>
            <action>10</action>
        </step>
        <step>
            <id>315</id>
            <xstart>2685</xstart>
            <ystart>805</ystart>
            <xstop>2710</xstop>
            <ystop>815</ystop>
            <foreground>#000000</foreground>
            <background>#FFFFFF</background>
            <description></description>
            <module>-1</module>
            <work>-1</work>
            <action>10</action>
        </step>
        <step>
            <id>316</id>
            <xstart>2910</xstart>
            <ystart>805</ystart>
            <xstop>2935</xstop>
            <ystop>815</ystop>
            <foreground>#000000</foreground>
            <background>#FFFFFF</background>
            <description></description>
            <module>-1</module>
            <work>-1</work>
            <action>10</action>
        </step>
        <step>
            <id>317</id>
            <xstart>2985</xstart>
            <ystart>805</ystart>
            <xstop>3060</xstop>
            <ystop>815</ystop>
            <foreground>#000000</foreground>
            <background>#FFFFFF</background>
            <description></description>
            <module>-1</module>
            <work>-1</work>
            <action>10</action>
        </step>

        <!-- Create the vertical lines -->
        <step>
            <id>400</id>
            <xstart>255</xstart>
            <ystart>65</ystart>
            <xstop>265</xstop>
            <ystop>335</ystop>
            <foreground>#000000</foreground>
            <background>#FFFFFF</background>
            <description></description>
            <module>-1</module>
            <work>-1</work>
            <action>11</action>
        </step>
        <step>
            <id>401</id>
            <xstart>255</xstart>
            <ystart>615</ystart>
            <xstop>265</xstop>
            <ystop>885</ystop>
            <foreground>#000000</foreground>
            <background>#FFFFFF</background>
            <description></description>
            <module>-1</module>
            <work>-1</work>
            <action>11</action>
        </step>
        <step>
            <id>402</id>
            <xstart>555</xstart>
            <ystart>490</ystart>
            <xstop>565</xstop>
            <ystop>885</ystop>
            <foreground>#000000</foreground>
            <background>#FFFFFF</background>
            <description></description>
            <module>-1</module>
            <work>-1</work>
            <action>11</action>
        </step>
        <step>
            <id>403</id>
            <xstart>880</xstart>
            <ystart>210</ystart>
            <xstop>890</xstop>
            <ystop>485</ystop>
            <foreground>#000000</foreground>
            <background>#FFFFFF</background>
            <description></description>
            <module>-1</module>
            <work>-1</work>
            <action>11</action>
        </step>
        <step>
            <id>404</id>
            <xstart>1305</xstart>
            <ystart>210</ystart>
            <xstop>1315</xstop>
            <ystop>510</ystop>
            <foreground>#000000</foreground>
            <background>#FFFFFF</background>
            <description></description>
            <module>-1</module>
            <work>-1</work>
            <action>11</action>
        </step>
        <step>
            <id>405</id>
            <xstart>1405</xstart>
            <ystart>60</ystart>
            <xstop>1415</xstop>
            <ystop>435</ystop>
            <foreground>#000000</foreground>
            <background>#FFFFFF</background>
            <description></description>
            <module>-1</module>
            <work>-1</work>
            <action>11</action>
        </step>
        <step>
            <id>406</id>
            <xstart>1555</xstart>
            <ystart>435</ystart>
            <xstop>1565</xstop>
            <ystop>460</ystop>
            <foreground>#000000</foreground>
            <background>#FFFFFF</background>
            <description>Line from top of step 16.</description>
            <module>-1</module>
            <work>-1</work>
            <action>11</action>
        </step>
        <step>
            <id>407</id>
            <xstart>2555</xstart>
            <ystart>410</ystart>
            <xstop>2565</xstop>
            <ystop>435</ystop>
            <foreground>#000000</foreground>
            <background>#FFFFFF</background>
            <description>Line from bottom of step 11.</description>
            <module>-1</module>
            <work>-1</work>
            <action>11</action>
        </step>
        <step>
            <id>408</id>
            <xstart>3055</xstart>
            <ystart>410</ystart>
            <xstop>3065</xstop>
            <ystop>460</ystop>
            <foreground>#000000</foreground>
            <background>#FFFFFF</background>
            <description>Line between steps 13 and 17.</description>
            <module>-1</module>
            <work>-1</work>
            <action>11</action>
        </step>

        <!-- Create the right pointing arrows -->
        <step>
            <id>500</id>
            <xstart>210</xstart>
            <ystart>60</ystart>
            <xstop>310</xstop>
            <ystop>70</ystop>
            <foreground>#000000</foreground>
            <background>#FFFFFF</background>
            <description></description>
            <module>-1</module>
            <work>-1</work>
            <action>12</action>
        </step>
        <step>
            <id>501</id>
            <xstart>260</xstart>
            <ystart>610</ystart>
            <xstop>310</xstop>
            <ystop>620</ystop>
            <foreground>#000000</foreground>
            <background>#FFFFFF</background>
            <description></description>
            <module>-1</module>
            <work>-1</work>
            <action>12</action>
        </step>
        <step>
            <id>502</id>
            <xstart>560</xstart>
            <ystart>660</ystart>
            <xstop>610</xstop>
            <ystop>670</ystop>
            <foreground>#000000</foreground>
            <background>#FFFFFF</background>
            <description></description>
            <module>-1</module>
            <work>-1</work>
            <action>12</action>
        </step>
        <step>
            <id>503</id>
            <xstart>660</xstart>
            <ystart>205</ystart>
            <xstop>710</xstop>
            <ystop>215</ystop>
            <foreground>#000000</foreground>
            <background>#FFFFFF</background>
            <description></description>
            <module>-1</module>
            <work>-1</work>
            <action>12</action>
        </step>
        <step>
            <id>504</id>
            <xstart>885</xstart>
            <ystart>205</ystart>
            <xstop>960</xstop>
            <ystop>215</ystop>
            <foreground>#000000</foreground>
            <background>#FFFFFF</background>
            <description></description>
            <module>-1</module>
            <work>-1</work>
            <action>12</action>
        </step>
        <step>
            <id>505</id>
            <xstart>810</xstart>
            <ystart>505</ystart>
            <xstop>860</xstop>
            <ystop>515</ystop>
            <foreground>#000000</foreground>
            <background>#FFFFFF</background>
            <description></description>
            <module>-1</module>
            <work>-1</work>
            <action>12</action>
        </step>
        <step>
            <id>506</id>
            <xstart>1160</xstart>
            <ystart>655</ystart>
            <xstop>1210</xstop>
            <ystop>675</ystop>
            <foreground>#000000</foreground>
            <background>#FFFFFF</background>
            <description></description>
            <module>-1</module>
            <work>-1</work>
            <action>12</action>
        </step>
        <step>
            <id>507</id>
            <xstart>1410</xstart>
            <ystart>55</ystart>
            <xstop>1460</xstop>
            <ystop>65</ystop>
            <foreground>#000000</foreground>
            <background>#FFFFFF</background>
            <description></description>
            <module>-1</module>
            <work>-1</work>
            <action>12</action>
        </step>
        <step>
            <id>508</id>
            <xstart>1660</xstart>
            <ystart>185</ystart>
            <xstop>1710</xstop>
            <ystop>195</ystop>
            <foreground>#000000</foreground>
            <background>#FFFFFF</background>
            <description></description>
            <module>-1</module>
            <work>-1</work>
            <action>12</action>
        </step>
        <step>
            <id>509</id>
            <xstart>1985</xstart>
            <ystart>805</ystart>
            <xstop>2285</xstop>
            <ystop>815</ystop>
            <foreground>#000000</foreground>
            <background>#FFFFFF</background>
            <description></description>
            <module>-1</module>
            <work>-1</work>
            <action>12</action>
        </step>
        <step>
            <id>510</id>
            <xstart>2410</xstart>
            <ystart>505</ystart>
            <xstop>2710</xstop>
            <ystop>515</ystop>
            <foreground>#000000</foreground>
            <background>#FFFFFF</background>
            <description></description>
            <module>-1</module>
            <work>-1</work>
            <action>12</action>
        </step>

        <!-- Create the left pointing arrows -->
        <step>
            <id>600</id>
            <xstart>510</xstart>
            <ystart>205</ystart>
            <xstop>535</xstop>
            <ystop>215</ystop>
            <foreground>#000000</foreground>
            <background>#FFFFFF</background>
            <description></description>
            <module>-1</module>
            <work>-1</work>
            <action>13</action>
        </step>
        <step>
            <id>601</id>
            <xstart>585</xstart>
            <ystart>205</ystart>
            <xstop>610</xstop>
            <ystop>215</ystop>
            <foreground>#000000</foreground>
            <background>#FFFFFF</background>
            <description></description>
            <module>-1</module>
            <work>-1</work>
            <action>13</action>
        </step>
        <step>
            <id>602</id>
            <xstart>1160</xstart>
            <ystart>205</ystart>
            <xstop>1310</xstop>
            <ystop>215</ystop>
            <foreground>#000000</foreground>
            <background>#FFFFFF</background>
            <description></description>
            <module>-1</module>
            <work>-1</work>
            <action>13</action>
        </step>
        <step>
            <id>603</id>
            <xstart>1510</xstart>
            <ystart>355</ystart>
            <xstop>1710</xstop>
            <ystop>365</ystop>
            <foreground>#000000</foreground>
            <background>#FFFFFF</background>
            <description></description>
            <module>-1</module>
            <work>-1</work>
            <action>13</action>
        </step>
        <step>
            <id>604</id>
            <xstart>1910</xstart>
            <ystart>505</ystart>
            <xstop>2210</xstop>
            <ystop>515</ystop>
            <foreground>#000000</foreground>
            <background>#FFFFFF</background>
            <description></description>
            <module>-1</module>
            <work>-1</work>
            <action>13</action>
        </step>
        <step>
            <id>605</id>
            <xstart>2335</xstart>
            <ystart>805</ystart>
            <xstop>2635</xstop>
            <ystop>815</ystop>
            <foreground>#000000</foreground>
            <background>#FFFFFF</background>
            <description></description>
            <module>-1</module>
            <work>-1</work>
            <action>13</action>
        </step>

        <!-- Create the down pointing arrows -->
        <step>
            <id>700</id>
            <xstart>405</xstart>
            <ystart>110</ystart>
            <xstop>415</xstop>
            <ystop>160</ystop>
            <foreground>#000000</foreground>
            <background>#FFFFFF</background>
            <description></description>
            <module>-1</module>
            <work>-1</work>
            <action>14</action>
        </step>
        <step>
            <id>701</id>
            <xstart>405</xstart>
            <ystart>260</ystart>
            <xstop>415</xstop>
            <ystop>310</ystop>
            <foreground>#000000</foreground>
            <background>#FFFFFF</background>
            <description></description>
            <module>-1</module>
            <work>-1</work>
            <action>14</action>
        </step>
        <step>
            <id>702</id>
            <xstart>405</xstart>
            <ystart>410</ystart>
            <xstop>415</xstop>
            <ystop>460</ystop>
            <foreground>#000000</foreground>
            <background>#FFFFFF</background>
            <description></description>
            <module>-1</module>
            <work>-1</work>
            <action>14</action>
        </step>
        <step>
            <id>703</id>
            <xstart>405</xstart>
            <ystart>510</ystart>
            <xstop>415</xstop>
            <ystop>560</ystop>
            <foreground>#000000</foreground>
            <background>#FFFFFF</background>
            <description></description>
            <module>-1</module>
            <work>-1</work>
            <action>14</action>
        </step>
        <step>
            <id>704</id>
            <xstart>405</xstart>
            <ystart>660</ystart>
            <xstop>415</xstop>
            <ystop>710</ystop>
            <foreground>#000000</foreground>
            <background>#FFFFFF</background>
            <description></description>
            <module>-1</module>
            <work>-1</work>
            <action>14</action>
        </step>
        <step>
            <id>705</id>
            <xstart>405</xstart>
            <ystart>810</ystart>
            <xstop>415</xstop>
            <ystop>860</ystop>
            <foreground>#000000</foreground>
            <background>#FFFFFF</background>
            <description></description>
            <module>-1</module>
            <work>-1</work>
            <action>14</action>
        </step>
        <step>
            <id>706</id>
            <xstart>555</xstart>
            <ystart>60</ystart>
            <xstop>565</xstop>
            <ystop>185</ystop>
            <foreground>#000000</foreground>
            <background>#FFFFFF</background>
            <description></description>
            <module>-1</module>
            <work>-1</work>
            <action>14</action>
        </step>
        <step>
            <id>707</id>
            <xstart>705</xstart>
            <ystart>110</ystart>
            <xstop>715</xstop>
            <ystop>310</ystop>
            <foreground>#000000</foreground>
            <background>#FFFFFF</background>
            <description></description>
            <module>-1</module>
            <work>-1</work>
            <action>14</action>
        </step>
        <step>
            <id>708</id>
            <xstart>1055</xstart>
            <ystart>260</ystart>
            <xstop>1065</xstop>
            <ystop>310</ystop>
            <foreground>#000000</foreground>
            <background>#FFFFFF</background>
            <description></description>
            <module>-1</module>
            <work>-1</work>
            <action>14</action>
        </step>
        <step>
            <id>709</id>
            <xstart>1055</xstart>
            <ystart>410</ystart>
            <xstop>1065</xstop>
            <ystop>460</ystop>
            <foreground>#000000</foreground>
            <background>#FFFFFF</background>
            <description></description>
            <module>-1</module>
            <work>-1</work>
            <action>14</action>
        </step>
        <step>
            <id>710</id>
            <xstart>1055</xstart>
            <ystart>560</ystart>
            <xstop>1065</xstop>
            <ystop>610</ystop>
            <foreground>#000000</foreground>
            <background>#FFFFFF</background>
            <description></description>
            <module>-1</module>
            <work>-1</work>
            <action>14</action>
        </step>
        <step>
            <id>711</id>
            <xstart>1305</xstart>
            <ystart>710</ystart>
            <xstop>1315</xstop>
            <ystop>760</ystop>
            <foreground>#000000</foreground>
            <background>#FFFFFF</background>
            <description></description>
            <module>-1</module>
            <work>-1</work>
            <action>14</action>
        </step>
        <step>
            <id>712</id>
            <xstart>1305</xstart>
            <ystart>810</ystart>
            <xstop>1315</xstop>
            <ystop>860</ystop>
            <foreground>#000000</foreground>
            <background>#FFFFFF</background>
            <description></description>
            <module>-1</module>
            <work>-1</work>
            <action>14</action>
        </step>
        <step>
            <id>713</id>
            <xstart>1805</xstart>
            <ystart>60</ystart>
            <xstop>1815</xstop>
            <ystop>135</ystop>
            <foreground>#000000</foreground>
            <background>#FFFFFF</background>
            <description></description>
            <module>-1</module>
            <work>-1</work>
            <action>14</action>
        </step>
        <step>
            <id>714</id>
            <xstart>1805</xstart>
            <ystart>235</ystart>
            <xstop>1815</xstop>
            <ystop>310</ystop>
            <foreground>#000000</foreground>
            <background>#FFFFFF</background>
            <description></description>
            <module>-1</module>
            <work>-1</work>
            <action>14</action>
        </step>
        <step>
            <id>715</id>
            <xstart>1805</xstart>
            <ystart>410</ystart>
            <xstop>1815</xstop>
            <ystop>460</ystop>
            <foreground>#000000</foreground>
            <background>#FFFFFF</background>
            <description></description>
            <module>-1</module>
            <work>-1</work>
            <action>14</action>
        </step>
        <step>
            <id>716</id>
            <xstart>1805</xstart>
            <ystart>560</ystart>
            <xstop>1815</xstop>
            <ystop>610</ystop>
            <foreground>#000000</foreground>
            <background>#FFFFFF</background>
            <description></description>
            <module>-1</module>
            <work>-1</work>
            <action>14</action>
        </step>
        <step>
            <id>717</id>
            <xstart>1805</xstart>
            <ystart>710</ystart>
            <xstop>1815</xstop>
            <ystop>760</ystop>
            <foreground>#000000</foreground>
            <background>#FFFFFF</background>
            <description></description>
            <module>-1</module>
            <work>-1</work>
            <action>14</action>
        </step>
        <step>
            <id>718</id>
            <xstart>2305</xstart>
            <ystart>60</ystart>
            <xstop>2315</xstop>
            <ystop>210</ystop>
            <foreground>#000000</foreground>
            <background>#FFFFFF</background>
            <description></description>
            <module>-1</module>
            <work>-1</work>
            <action>14</action>
        </step>
        <step>
            <id>719</id>
            <xstart>2305</xstart>
            <ystart>310</ystart>
            <xstop>2315</xstop>
            <ystop>460</ystop>
            <foreground>#000000</foreground>
            <background>#FFFFFF</background>
            <description></description>
            <module>-1</module>
            <work>-1</work>
            <action>14</action>
        </step>
        <step>
            <id>720</id>
            <xstart>2555</xstart>
            <ystart>260</ystart>
            <xstop>2565</xstop>
            <ystop>310</ystop>
            <foreground>#000000</foreground>
            <background>#FFFFFF</background>
            <description></description>
            <module>-1</module>
            <work>-1</work>
            <action>14</action>
        </step>
        <step>
            <id>721</id>
            <xstart>2805</xstart>
            <ystart>260</ystart>
            <xstop>2815</xstop>
            <ystop>310</ystop>
            <foreground>#000000</foreground>
            <background>#FFFFFF</background>
            <description></description>
            <module>-1</module>
            <work>-1</work>
            <action>14</action>
        </step>
        <step>
            <id>722</id>
            <xstart>3055</xstart>
            <ystart>260</ystart>
            <xstop>3065</xstop>
            <ystop>310</ystop>
            <foreground>#000000</foreground>
            <background>#FFFFFF</background>
            <description></description>
            <module>-1</module>
            <work>-1</work>
            <action>14</action>
        </step>
        <step>
            <id>723</id>
            <xstart>2805</xstart>
            <ystart>410</ystart>
            <xstop>2815</xstop>
            <ystop>460</ystop>
            <foreground>#000000</foreground>
            <background>#FFFFFF</background>
            <description></description>
            <module>-1</module>
            <work>-1</work>
            <action>14</action>
        </step>
        <step>
            <id>724</id>
            <xstart>2805</xstart>
            <ystart>560</ystart>
            <xstop>2815</xstop>
            <ystop>610</ystop>
            <foreground>#000000</foreground>
            <background>#FFFFFF</background>
            <description></description>
            <module>-1</module>
            <work>-1</work>
            <action>14</action>
        </step>
        <step>
            <id>725</id>
            <xstart>2805</xstart>
            <ystart>710</ystart>
            <xstop>2815</xstop>
            <ystop>760</ystop>
            <foreground>#000000</foreground>
            <background>#FFFFFF</background>
            <description></description>
            <module>-1</module>
            <work>-1</work>
            <action>14</action>
        </step>

        <!-- Create the up pointing arrows -->
        <step>
            <id>800</id>
            <xstart>555</xstart>
            <ystart>240</ystart>
            <xstop>565</xstop>
            <ystop>360</ystop>
            <foreground>#000000</foreground>
            <background>#FFFFFF</background>
            <description></description>
            <module>-1</module>
            <work>-1</work>
            <action>15</action>
        </step>
        <step>
            <id>801</id>
            <xstart>705</xstart>
            <ystart>415</ystart>
            <xstop>715</xstop>
            <ystop>460</ystop>
            <foreground>#000000</foreground>
            <background>#FFFFFF</background>
            <description></description>
            <module>-1</module>
            <work>-1</work>
            <action>15</action>
        </step>
        <step>
            <id>802</id>
            <xstart>705</xstart>
            <ystart>565</ystart>
            <xstop>715</xstop>
            <ystop>610</ystop>
            <foreground>#000000</foreground>
            <background>#FFFFFF</background>
            <description></description>
            <module>-1</module>
            <work>-1</work>
            <action>15</action>
        </step>
        <step>
            <id>803</id>
            <xstart>880</xstart>
            <ystart>540</ystart>
            <xstop>890</xstop>
            <ystop>635</ystop>
            <foreground>#000000</foreground>
            <background>#FFFFFF</background>
            <description></description>
            <module>-1</module>
            <work>-1</work>
            <action>15</action>
        </step>
        <step>
            <id>804</id>
            <xstart>1305</xstart>
            <ystart>565</ystart>
            <xstop>1315</xstop>
            <ystop>610</ystop>
            <foreground>#000000</foreground>
            <background>#FFFFFF</background>
            <description></description>
            <module>-1</module>
            <work>-1</work>
            <action>15</action>
        </step>
        <step>
            <id>805</id>
            <xstart>1555</xstart>
            <ystart>665</ystart>
            <xstop>1565</xstop>
            <ystop>810</ystop>
            <foreground>#000000</foreground>
            <background>#FFFFFF</background>
            <description></description>
            <module>-1</module>
            <work>-1</work>
            <action>15</action>
        </step>
        <step>
            <id>806</id>
            <xstart>2305</xstart>
            <ystart>690</ystart>
            <xstop>2315</xstop>
            <ystop>785</ystop>
            <foreground>#000000</foreground>
            <background>#FFFFFF</background>
            <description></description>
            <module>-1</module>
            <work>-1</work>
            <action>15</action>
        </step>
        <step>
            <id>807</id>
            <xstart>3055</xstart>
            <ystart>665</ystart>
            <xstop>3065</xstop>
            <ystop>810</ystop>
            <foreground>#000000</foreground>
            <background>#FFFFFF</background>
            <description></description>
            <module>-1</module>
            <work>-1</work>
            <action>15</action>
        </step>

        <!-- Create labels-->
        <step>
            <id>900</id>
            <xstart>3160</xstart>
            <ystart>910</ystart>
            <xstop>3460</xstop>
            <ystop>960</ystop>
            <foreground>#000000</foreground>
            <background>#FFFFFF</background>
            <description>Reliability Process Flowchart</description>
            <module>-1</module>
            <work>-1</work>
            <action>20</action>
        </step>
        <step>
            <id>901</id>
            <xstart>3160</xstart>
            <ystart>960</ystart>
            <xstop>3460</xstop>
            <ystop>1060</ystop>
            <foreground>#000000</foreground>
            <background>#FFFFFF</background>
            <description>Step numbers are for reference only and do not represent a sequence.

Copyright 2012, ReliaQual Associates, LLC</description>
            <module>-1</module>
            <work>-1</work>
            <action>20</action>
        </step>
        <step>
            <id>902</id>
            <xstart>3260</xstart>
            <ystart>10</ystart>
            <xstop>3460</xstop>
            <ystop>40</ystop>
            <foreground>#000000</foreground>
            <background>#ADD8E6</background>
            <description>Preliminary Analysis</description>
            <module>-1</module>
            <work>-1</work>
            <action>20</action>
        </step>
        <step>
            <id>903</id>
            <xstart>3260</xstart>
            <ystart>50</ystart>
            <xstop>3460</xstop>
            <ystop>80</ystop>
            <foreground>#000000</foreground>
            <background>#E5E5E5</background>
            <description>Target Setting</description>
            <module>-1</module>
            <work>-1</work>
            <action>20</action>
        </step>
        <step>
            <id>904</id>
            <xstart>3260</xstart>
            <ystart>90</ystart>
            <xstop>3460</xstop>
            <ystop>120</ystop>
            <foreground>#000000</foreground>
            <background>#F0CE91</background>
            <description>Program Planning</description>
            <module>-1</module>
            <work>-1</work>
            <action>20</action>
        </step>
        <step>
            <id>905</id>
            <xstart>3260</xstart>
            <ystart>130</ystart>
            <xstop>3460</xstop>
            <ystop>160</ystop>
            <foreground>#000000</foreground>
            <background>#90EE90</background>
            <description>Reliability Assessment</description>
            <module>-1</module>
            <work>-1</work>
            <action>20</action>
        </step>
        <step>
            <id>906</id>
            <xstart>3260</xstart>
            <ystart>170</ystart>
            <xstop>3460</xstop>
            <ystop>200</ystop>
            <foreground>#000000</foreground>
            <background>#FFFF63</background>
            <description>Risk Assessment</description>
            <module>-1</module>
            <work>-1</work>
            <action>20</action>
        </step>
        <step>
            <id>907</id>
            <xstart>3260</xstart>
            <ystart>210</ystart>
            <xstop>3460</xstop>
            <ystop>240</ystop>
            <foreground>#000000</foreground>
            <background>#FF74EC</background>
            <description>Reliability Validation</description>
            <module>-1</module>
            <work>-1</work>
            <action>20</action>
        </step>
    </map>
</root>
